20:58:02 **** Incremental Build of configuration Debug for project cli_and_motors ****
make -j20 all 
arm-none-eabi-gcc "../Core/Src/main.c" -mcpu=cortex-m4 -std=gnu11 -g3 -DDEBUG -DUSE_HAL_DRIVER -DSTM32F401xE -DSTM32_THREAD_SAFE_STRATEGY=4 -c -I../Core/Inc -I../Drivers/STM32F4xx_HAL_Driver/Inc -I../Drivers/STM32F4xx_HAL_Driver/Inc/Legacy -I../Drivers/CMSIS/Device/ST/STM32F4xx/Include -I../Drivers/CMSIS/Include -I../Middlewares/Third_Party/FreeRTOS/Source/include -I../Middlewares/Third_Party/FreeRTOS/Source/CMSIS_RTOS_V2 -I../Middlewares/Third_Party/FreeRTOS/Source/portable/GCC/ARM_CM4F -I../Core/ThreadSafe -O0 -ffunction-sections -fdata-sections -Wall -fstack-usage -fcyclomatic-complexity -MMD -MP -MF"Core/Src/main.d" -MT"Core/Src/main.o" --specs=nano.specs -mfpu=fpv4-sp-d16 -mfloat-abi=hard -mthumb -o "Core/Src/main.o"
arm-none-eabi-gcc -o "cli_and_motors.elf" @"objects.list"   -mcpu=cortex-m4 -T"C:\Users\Sebastian\Desktop\Capstone\Mechatronics-team\stm32\cli_and_motors\STM32F401RETX_FLASH.ld" --specs=nosys.specs -Wl,-Map="cli_and_motors.map" -Wl,--gc-sections -static --specs=nano.specs -mfpu=fpv4-sp-d16 -mfloat-abi=hard -mthumb -Wl,--start-group -lc -lm -Wl,--end-group
Finished building target: cli_and_motors.elf
 
arm-none-eabi-size  cli_and_motors.elf 
arm-none-eabi-objdump -h -S cli_and_motors.elf  > "cli_and_motors.list"
   text	   data	    bss	    dec	    hex	filename
  37984	    128	  21360	  59472	   e850	cli_and_motors.elf
Finished building: default.size.stdout
 
Finished building: cli_and_motors.list
 

20:58:02 Build Finished. 0 errors, 0 warnings. (took 704ms)

